<?xml version="1.0" encoding="utf-8"?>
<TestRun id="1c97c572-a2a2-45e2-b03f-c6b3c1222a43" name="adm@DESKTOP-2UFRIRL 2023-10-16 21:08:17" runUser="DESKTOP-2UFRIRL\adm" xmlns="http://microsoft.com/schemas/VisualStudio/TeamTest/2010">
  <Times creation="2023-10-16T21:08:17.3267096-03:00" queuing="2023-10-16T21:08:17.3267100-03:00" start="2023-10-16T21:08:15.7021003-03:00" finish="2023-10-16T21:08:17.6563556-03:00" />
  <TestSettings name="default" id="cf476eea-b718-4b50-9071-368975d45e2f">
    <Deployment runDeploymentRoot="adm_DESKTOP-2UFRIRL_2023-10-16_21_08_17" />
  </TestSettings>
  <Results>
    <UnitTestResult executionId="ed594448-336f-41d7-bbb3-555dc45c7dce" testId="308bcca3-3106-af53-735b-76abc709f1f2" testName="FormOfPaymentModel_Construtor_Sucesso" computerName="DESKTOP-2UFRIRL" duration="00:00:00.0005263" startTime="2023-10-16T21:08:17.2891337-03:00" endTime="2023-10-16T21:08:17.2897670-03:00" testType="13cdc9d9-ddb5-4fa4-a97d-d965ccfc6d4b" outcome="Passed" testListId="8c84fa94-04c1-424b-9868-57a2d4851a1d" relativeResultsDirectory="ed594448-336f-41d7-bbb3-555dc45c7dce" />
    <UnitTestResult executionId="91e63a6d-dff9-4c8b-bf78-50a8d810abd1" testId="4b54e506-472f-84bd-bd2c-94d756ade175" testName="CategoryModel_Construtor_Sucesso" computerName="DESKTOP-2UFRIRL" duration="00:00:00.0012257" startTime="2023-10-16T21:08:17.2240214-03:00" endTime="2023-10-16T21:08:17.2255214-03:00" testType="13cdc9d9-ddb5-4fa4-a97d-d965ccfc6d4b" outcome="Passed" testListId="8c84fa94-04c1-424b-9868-57a2d4851a1d" relativeResultsDirectory="91e63a6d-dff9-4c8b-bf78-50a8d810abd1" />
    <UnitTestResult executionId="cdc55568-017b-42de-b086-c1a723d42b5c" testId="1f9bfa18-1305-b3a7-8f92-388fe9e3a7f6" testName="UserModel_Construtor_Sucesso" computerName="DESKTOP-2UFRIRL" duration="00:00:00.0016015" startTime="2023-10-16T21:08:17.2275939-03:00" endTime="2023-10-16T21:08:17.2293128-03:00" testType="13cdc9d9-ddb5-4fa4-a97d-d965ccfc6d4b" outcome="Passed" testListId="8c84fa94-04c1-424b-9868-57a2d4851a1d" relativeResultsDirectory="cdc55568-017b-42de-b086-c1a723d42b5c" />
    <UnitTestResult executionId="fcdd1e20-61cd-4f3f-be48-07a9848b5950" testId="5bd5dcb7-aa46-2988-144c-b22292385576" testName="CommandModel_Construtor_Sucesso" computerName="DESKTOP-2UFRIRL" duration="00:00:00.0007497" startTime="2023-10-16T21:08:17.2959682-03:00" endTime="2023-10-16T21:08:17.2968630-03:00" testType="13cdc9d9-ddb5-4fa4-a97d-d965ccfc6d4b" outcome="Passed" testListId="8c84fa94-04c1-424b-9868-57a2d4851a1d" relativeResultsDirectory="fcdd1e20-61cd-4f3f-be48-07a9848b5950" />
    <UnitTestResult executionId="c18d5ea3-a2a9-4f33-9db9-eda50026050e" testId="fba02de2-8323-626a-7fdd-c6d61fa83e66" testName="CategoryModel_Tipo_Sucesso" computerName="DESKTOP-2UFRIRL" duration="00:00:00.0078210" startTime="2023-10-16T21:08:17.1842189-03:00" endTime="2023-10-16T21:08:17.2105551-03:00" testType="13cdc9d9-ddb5-4fa4-a97d-d965ccfc6d4b" outcome="Passed" testListId="8c84fa94-04c1-424b-9868-57a2d4851a1d" relativeResultsDirectory="c18d5ea3-a2a9-4f33-9db9-eda50026050e" />
    <UnitTestResult executionId="8aabdd17-ed36-4aa2-a5b4-f9f74f295c22" testId="e3e8772e-4a06-9a03-b84c-a55e0b9eb2e6" testName="CommandOrderModel_Tipo_Sucesso" computerName="DESKTOP-2UFRIRL" duration="00:00:00.0011640" startTime="2023-10-16T21:08:17.2901607-03:00" endTime="2023-10-16T21:08:17.2915159-03:00" testType="13cdc9d9-ddb5-4fa4-a97d-d965ccfc6d4b" outcome="Passed" testListId="8c84fa94-04c1-424b-9868-57a2d4851a1d" relativeResultsDirectory="8aabdd17-ed36-4aa2-a5b4-f9f74f295c22" />
    <UnitTestResult executionId="79851562-0920-4d13-8c88-084583a2f329" testId="bacf22fa-7577-d1be-f397-6fe1a5210c5f" testName="LogModel_Construtor_Sucesso" computerName="DESKTOP-2UFRIRL" duration="00:00:00.0002269" startTime="2023-10-16T21:08:17.2871191-03:00" endTime="2023-10-16T21:08:17.2874448-03:00" testType="13cdc9d9-ddb5-4fa4-a97d-d965ccfc6d4b" outcome="Passed" testListId="8c84fa94-04c1-424b-9868-57a2d4851a1d" relativeResultsDirectory="79851562-0920-4d13-8c88-084583a2f329" />
    <UnitTestResult executionId="4b236763-d31c-437d-8c69-8181b56387bc" testId="cee6251a-efcc-2e18-97cf-6596dd807490" testName="CommandModel_Tipo_Sucesso" computerName="DESKTOP-2UFRIRL" duration="00:00:00.0009903" startTime="2023-10-16T21:08:17.2943619-03:00" endTime="2023-10-16T21:08:17.2955297-03:00" testType="13cdc9d9-ddb5-4fa4-a97d-d965ccfc6d4b" outcome="Passed" testListId="8c84fa94-04c1-424b-9868-57a2d4851a1d" relativeResultsDirectory="4b236763-d31c-437d-8c69-8181b56387bc" />
    <UnitTestResult executionId="0849642d-d858-4cd3-9f00-1f1bed7a95ed" testId="0f515cd1-fdf4-94a1-2a72-71c90774e2f2" testName="OrderModel_Tipo_Sucesso" computerName="DESKTOP-2UFRIRL" duration="00:00:00.0067868" startTime="2023-10-16T21:08:17.2773525-03:00" endTime="2023-10-16T21:08:17.2843353-03:00" testType="13cdc9d9-ddb5-4fa4-a97d-d965ccfc6d4b" outcome="Passed" testListId="8c84fa94-04c1-424b-9868-57a2d4851a1d" relativeResultsDirectory="0849642d-d858-4cd3-9f00-1f1bed7a95ed" />
    <UnitTestResult executionId="242d9106-1e04-465c-9dc8-755adb6970f2" testId="fe1ccd09-cad9-1f4a-489f-0e9c35610a56" testName="CommandOrderModel_Construtor_Sucesso" computerName="DESKTOP-2UFRIRL" duration="00:00:00.0006268" startTime="2023-10-16T21:08:17.2919196-03:00" endTime="2023-10-16T21:08:17.2926347-03:00" testType="13cdc9d9-ddb5-4fa4-a97d-d965ccfc6d4b" outcome="Passed" testListId="8c84fa94-04c1-424b-9868-57a2d4851a1d" relativeResultsDirectory="242d9106-1e04-465c-9dc8-755adb6970f2" />
    <UnitTestResult executionId="e3f39e80-89ed-4094-99b7-430f593910f1" testId="4fb345a6-bb8f-6302-486a-f600c082d191" testName="PaymentModel_Tipo_Sucesso" computerName="DESKTOP-2UFRIRL" duration="00:00:00.0014118" startTime="2023-10-16T21:08:17.2383821-03:00" endTime="2023-10-16T21:08:17.2400300-03:00" testType="13cdc9d9-ddb5-4fa4-a97d-d965ccfc6d4b" outcome="Passed" testListId="8c84fa94-04c1-424b-9868-57a2d4851a1d" relativeResultsDirectory="e3f39e80-89ed-4094-99b7-430f593910f1" />
    <UnitTestResult executionId="022a7238-e2c5-4db2-8b84-ce6b72b5f406" testId="f04a2e0f-18ad-1800-3671-c2086fe15c64" testName="BuyerModel_Tipo_Sucesso" computerName="DESKTOP-2UFRIRL" duration="00:00:00.0145564" startTime="2023-10-16T21:08:17.2972924-03:00" endTime="2023-10-16T21:08:17.3120582-03:00" testType="13cdc9d9-ddb5-4fa4-a97d-d965ccfc6d4b" outcome="Passed" testListId="8c84fa94-04c1-424b-9868-57a2d4851a1d" relativeResultsDirectory="022a7238-e2c5-4db2-8b84-ce6b72b5f406" />
    <UnitTestResult executionId="2b092b42-9d4e-43c5-bae2-f42094fc90c3" testId="1abd34eb-5b12-d0d2-4176-d067ca145f90" testName="ProductModel_Construtor_Sucesso" computerName="DESKTOP-2UFRIRL" duration="00:00:00.0015004" startTime="2023-10-16T21:08:17.2360660-03:00" endTime="2023-10-16T21:08:17.2376973-03:00" testType="13cdc9d9-ddb5-4fa4-a97d-d965ccfc6d4b" outcome="Passed" testListId="8c84fa94-04c1-424b-9868-57a2d4851a1d" relativeResultsDirectory="2b092b42-9d4e-43c5-bae2-f42094fc90c3" />
    <UnitTestResult executionId="6131ef38-7e45-4b1e-a1f4-e974b06e0c6a" testId="3dab296f-1b44-c4e3-7a1f-dcca5439ed31" testName="ProductModel_Tipo_Sucesso" computerName="DESKTOP-2UFRIRL" duration="00:00:00.0018991" startTime="2023-10-16T21:08:17.2335400-03:00" endTime="2023-10-16T21:08:17.2356201-03:00" testType="13cdc9d9-ddb5-4fa4-a97d-d965ccfc6d4b" outcome="Passed" testListId="8c84fa94-04c1-424b-9868-57a2d4851a1d" relativeResultsDirectory="6131ef38-7e45-4b1e-a1f4-e974b06e0c6a" />
    <UnitTestResult executionId="39e204aa-e8a3-4482-823f-0977ab458d3a" testId="a9af6219-d05e-2521-1782-bd216fad23cb" testName="ProfileModel_Tipo_Sucesso" computerName="DESKTOP-2UFRIRL" duration="00:00:00.0012440" startTime="2023-10-16T21:08:17.2298042-03:00" endTime="2023-10-16T21:08:17.2312464-03:00" testType="13cdc9d9-ddb5-4fa4-a97d-d965ccfc6d4b" outcome="Passed" testListId="8c84fa94-04c1-424b-9868-57a2d4851a1d" relativeResultsDirectory="39e204aa-e8a3-4482-823f-0977ab458d3a" />
    <UnitTestResult executionId="936ebeaf-f628-4024-9294-b24832a2e4fc" testId="cfde4465-da93-d986-9a7a-5a5f33389f78" testName="FormOfPaymentModel_Tipo_Sucesso" computerName="DESKTOP-2UFRIRL" duration="00:00:00.0007450" startTime="2023-10-16T21:08:17.2878039-03:00" endTime="2023-10-16T21:08:17.2887220-03:00" testType="13cdc9d9-ddb5-4fa4-a97d-d965ccfc6d4b" outcome="Passed" testListId="8c84fa94-04c1-424b-9868-57a2d4851a1d" relativeResultsDirectory="936ebeaf-f628-4024-9294-b24832a2e4fc" />
    <UnitTestResult executionId="e57807a3-912a-49e8-9dae-bc93859c1ca7" testId="2644017b-d9c5-74b3-442e-7b4cc0ec4a1e" testName="LogModel_Tipo_Sucesso" computerName="DESKTOP-2UFRIRL" duration="00:00:00.0003619" startTime="2023-10-16T21:08:17.2862313-03:00" endTime="2023-10-16T21:08:17.2867520-03:00" testType="13cdc9d9-ddb5-4fa4-a97d-d965ccfc6d4b" outcome="Passed" testListId="8c84fa94-04c1-424b-9868-57a2d4851a1d" relativeResultsDirectory="e57807a3-912a-49e8-9dae-bc93859c1ca7" />
    <UnitTestResult executionId="10c0ba10-64b9-4c4f-bb4a-54eaab100602" testId="7149c326-b722-16ff-ef60-7ba870b13ba1" testName="ProfileModel_Construtor_Sucesso" computerName="DESKTOP-2UFRIRL" duration="00:00:00.0012684" startTime="2023-10-16T21:08:17.2317288-03:00" endTime="2023-10-16T21:08:17.2331032-03:00" testType="13cdc9d9-ddb5-4fa4-a97d-d965ccfc6d4b" outcome="Passed" testListId="8c84fa94-04c1-424b-9868-57a2d4851a1d" relativeResultsDirectory="10c0ba10-64b9-4c4f-bb4a-54eaab100602" />
    <UnitTestResult executionId="cd7f440c-18fe-4aca-a855-73ebb9a6ac08" testId="8ee230bb-970b-c54a-12f6-5d83c28323fa" testName="BuyerModel_Construtor_Sucesso" computerName="DESKTOP-2UFRIRL" duration="00:00:00.0012538" startTime="2023-10-16T21:08:17.3125128-03:00" endTime="2023-10-16T21:08:17.3148283-03:00" testType="13cdc9d9-ddb5-4fa4-a97d-d965ccfc6d4b" outcome="Passed" testListId="8c84fa94-04c1-424b-9868-57a2d4851a1d" relativeResultsDirectory="cd7f440c-18fe-4aca-a855-73ebb9a6ac08" />
    <UnitTestResult executionId="eb7982df-545d-4050-81b8-98de7337625c" testId="f91442c3-2a55-0830-2299-799a6b0c1b60" testName="UserModel_Tipo_Sucesso" computerName="DESKTOP-2UFRIRL" duration="00:00:00.0010594" startTime="2023-10-16T21:08:17.2259569-03:00" endTime="2023-10-16T21:08:17.2271863-03:00" testType="13cdc9d9-ddb5-4fa4-a97d-d965ccfc6d4b" outcome="Passed" testListId="8c84fa94-04c1-424b-9868-57a2d4851a1d" relativeResultsDirectory="eb7982df-545d-4050-81b8-98de7337625c" />
    <UnitTestResult executionId="e0e4cffb-efb1-4819-ba84-7a3d7b58ba1f" testId="8607a3f0-2ecb-3c9f-e146-820143c6c3ce" testName="OrderModel_Construtor_Sucesso" computerName="DESKTOP-2UFRIRL" duration="00:00:00.0009109" startTime="2023-10-16T21:08:17.2847544-03:00" endTime="2023-10-16T21:08:17.2858003-03:00" testType="13cdc9d9-ddb5-4fa4-a97d-d965ccfc6d4b" outcome="Passed" testListId="8c84fa94-04c1-424b-9868-57a2d4851a1d" relativeResultsDirectory="e0e4cffb-efb1-4819-ba84-7a3d7b58ba1f" />
    <UnitTestResult executionId="82f0fb7b-6fe5-40b4-8d5b-24385a7e6816" testId="03364a7a-79f7-83f9-3d7c-2ca458dd6a2c" testName="OrderModel_Construtor_Sucesso" computerName="DESKTOP-2UFRIRL" duration="00:00:00.0006512" startTime="2023-10-16T21:08:17.2725777-03:00" endTime="2023-10-16T21:08:17.2769093-03:00" testType="13cdc9d9-ddb5-4fa4-a97d-d965ccfc6d4b" outcome="Passed" testListId="8c84fa94-04c1-424b-9868-57a2d4851a1d" relativeResultsDirectory="82f0fb7b-6fe5-40b4-8d5b-24385a7e6816" />
  </Results>
  <TestDefinitions>
    <UnitTest name="FormOfPaymentModel_Construtor_Sucesso" storage="c:\users\adm\source\repos\webappdonne\test\test.donne\bin\debug\net6.0\test.donne.dll" id="308bcca3-3106-af53-735b-76abc709f1f2">
      <TestCategory>
        <TestCategoryItem TestCategory="Donne &gt; Domain &gt; FormOfPaymentModel" />
      </TestCategory>
      <Execution id="ed594448-336f-41d7-bbb3-555dc45c7dce" />
      <TestMethod codeBase="C:\Users\adm\Source\Repos\WebAppDonne\test\Test.Donne\bin\Debug\net6.0\Test.Donne.dll" adapterTypeName="executor://mstestadapter/v2" className="Test.Donne.Domain.FormOfPaymentModelTest.FormOfPaymentModelTest" name="FormOfPaymentModel_Construtor_Sucesso" />
    </UnitTest>
    <UnitTest name="ProductModel_Construtor_Sucesso" storage="c:\users\adm\source\repos\webappdonne\test\test.donne\bin\debug\net6.0\test.donne.dll" id="1abd34eb-5b12-d0d2-4176-d067ca145f90">
      <TestCategory>
        <TestCategoryItem TestCategory="Donne &gt; Domain &gt; ProductModel" />
      </TestCategory>
      <Execution id="2b092b42-9d4e-43c5-bae2-f42094fc90c3" />
      <TestMethod codeBase="C:\Users\adm\Source\Repos\WebAppDonne\test\Test.Donne\bin\Debug\net6.0\Test.Donne.dll" adapterTypeName="executor://mstestadapter/v2" className="Test.Donne.Domain.ProductModelTest.ProductModelTest" name="ProductModel_Construtor_Sucesso" />
    </UnitTest>
    <UnitTest name="UserModel_Construtor_Sucesso" storage="c:\users\adm\source\repos\webappdonne\test\test.donne\bin\debug\net6.0\test.donne.dll" id="1f9bfa18-1305-b3a7-8f92-388fe9e3a7f6">
      <TestCategory>
        <TestCategoryItem TestCategory="Donne &gt; Domain &gt; UserModel" />
      </TestCategory>
      <Execution id="cdc55568-017b-42de-b086-c1a723d42b5c" />
      <TestMethod codeBase="C:\Users\adm\Source\Repos\WebAppDonne\test\Test.Donne\bin\Debug\net6.0\Test.Donne.dll" adapterTypeName="executor://mstestadapter/v2" className="Test.Donne.Domain.UserModelTest.UserModelTest" name="UserModel_Construtor_Sucesso" />
    </UnitTest>
    <UnitTest name="OrderModel_Tipo_Sucesso" storage="c:\users\adm\source\repos\webappdonne\test\test.donne\bin\debug\net6.0\test.donne.dll" id="0f515cd1-fdf4-94a1-2a72-71c90774e2f2">
      <TestCategory>
        <TestCategoryItem TestCategory="Donne &gt; Domain &gt; OrderModel" />
      </TestCategory>
      <Execution id="0849642d-d858-4cd3-9f00-1f1bed7a95ed" />
      <TestMethod codeBase="C:\Users\adm\Source\Repos\WebAppDonne\test\Test.Donne\bin\Debug\net6.0\Test.Donne.dll" adapterTypeName="executor://mstestadapter/v2" className="Test.Donne.Domain.OrderModelTest.OrderModelTest" name="OrderModel_Tipo_Sucesso" />
    </UnitTest>
    <UnitTest name="FormOfPaymentModel_Tipo_Sucesso" storage="c:\users\adm\source\repos\webappdonne\test\test.donne\bin\debug\net6.0\test.donne.dll" id="cfde4465-da93-d986-9a7a-5a5f33389f78">
      <TestCategory>
        <TestCategoryItem TestCategory="Donne &gt; Domain &gt; FormOfPaymentModel" />
      </TestCategory>
      <Execution id="936ebeaf-f628-4024-9294-b24832a2e4fc" />
      <TestMethod codeBase="C:\Users\adm\Source\Repos\WebAppDonne\test\Test.Donne\bin\Debug\net6.0\Test.Donne.dll" adapterTypeName="executor://mstestadapter/v2" className="Test.Donne.Domain.FormOfPaymentModelTest.FormOfPaymentModelTest" name="FormOfPaymentModel_Tipo_Sucesso" />
    </UnitTest>
    <UnitTest name="BuyerModel_Tipo_Sucesso" storage="c:\users\adm\source\repos\webappdonne\test\test.donne\bin\debug\net6.0\test.donne.dll" id="f04a2e0f-18ad-1800-3671-c2086fe15c64">
      <TestCategory>
        <TestCategoryItem TestCategory="Donne &gt; Domain &gt; BuyersModel" />
      </TestCategory>
      <Execution id="022a7238-e2c5-4db2-8b84-ce6b72b5f406" />
      <TestMethod codeBase="C:\Users\adm\Source\Repos\WebAppDonne\test\Test.Donne\bin\Debug\net6.0\Test.Donne.dll" adapterTypeName="executor://mstestadapter/v2" className="Test.Donne.Domain.BuyersModelTest.BuyersModelTest" name="BuyerModel_Tipo_Sucesso" />
    </UnitTest>
    <UnitTest name="LogModel_Tipo_Sucesso" storage="c:\users\adm\source\repos\webappdonne\test\test.donne\bin\debug\net6.0\test.donne.dll" id="2644017b-d9c5-74b3-442e-7b4cc0ec4a1e">
      <TestCategory>
        <TestCategoryItem TestCategory="Donne &gt; Domain &gt; LogModelTest" />
      </TestCategory>
      <Execution id="e57807a3-912a-49e8-9dae-bc93859c1ca7" />
      <TestMethod codeBase="C:\Users\adm\Source\Repos\WebAppDonne\test\Test.Donne\bin\Debug\net6.0\Test.Donne.dll" adapterTypeName="executor://mstestadapter/v2" className="Test.Donne.Domain.LogModelTest.LogModelTest" name="LogModel_Tipo_Sucesso" />
    </UnitTest>
    <UnitTest name="CategoryModel_Tipo_Sucesso" storage="c:\users\adm\source\repos\webappdonne\test\test.donne\bin\debug\net6.0\test.donne.dll" id="fba02de2-8323-626a-7fdd-c6d61fa83e66">
      <TestCategory>
        <TestCategoryItem TestCategory="Donne &gt; Domain &gt; BuyersModel" />
      </TestCategory>
      <Execution id="c18d5ea3-a2a9-4f33-9db9-eda50026050e" />
      <TestMethod codeBase="C:\Users\adm\Source\Repos\WebAppDonne\test\Test.Donne\bin\Debug\net6.0\Test.Donne.dll" adapterTypeName="executor://mstestadapter/v2" className="Test.Donne.Domain.CategoryModelTest" name="CategoryModel_Tipo_Sucesso" />
    </UnitTest>
    <UnitTest name="LogModel_Construtor_Sucesso" storage="c:\users\adm\source\repos\webappdonne\test\test.donne\bin\debug\net6.0\test.donne.dll" id="bacf22fa-7577-d1be-f397-6fe1a5210c5f">
      <TestCategory>
        <TestCategoryItem TestCategory="Donne &gt; Domain &gt; LogModelTest" />
      </TestCategory>
      <Execution id="79851562-0920-4d13-8c88-084583a2f329" />
      <TestMethod codeBase="C:\Users\adm\Source\Repos\WebAppDonne\test\Test.Donne\bin\Debug\net6.0\Test.Donne.dll" adapterTypeName="executor://mstestadapter/v2" className="Test.Donne.Domain.LogModelTest.LogModelTest" name="LogModel_Construtor_Sucesso" />
    </UnitTest>
    <UnitTest name="PaymentModel_Tipo_Sucesso" storage="c:\users\adm\source\repos\webappdonne\test\test.donne\bin\debug\net6.0\test.donne.dll" id="4fb345a6-bb8f-6302-486a-f600c082d191">
      <TestCategory>
        <TestCategoryItem TestCategory="Donne &gt; Domain &gt; PaymentModel" />
      </TestCategory>
      <Execution id="e3f39e80-89ed-4094-99b7-430f593910f1" />
      <TestMethod codeBase="C:\Users\adm\Source\Repos\WebAppDonne\test\Test.Donne\bin\Debug\net6.0\Test.Donne.dll" adapterTypeName="executor://mstestadapter/v2" className="Test.Donne.Domain.PaymentModelTest.PaymentModelTest" name="PaymentModel_Tipo_Sucesso" />
    </UnitTest>
    <UnitTest name="ProductModel_Tipo_Sucesso" storage="c:\users\adm\source\repos\webappdonne\test\test.donne\bin\debug\net6.0\test.donne.dll" id="3dab296f-1b44-c4e3-7a1f-dcca5439ed31">
      <TestCategory>
        <TestCategoryItem TestCategory="Donne &gt; Domain &gt; ProductModel" />
      </TestCategory>
      <Execution id="6131ef38-7e45-4b1e-a1f4-e974b06e0c6a" />
      <TestMethod codeBase="C:\Users\adm\Source\Repos\WebAppDonne\test\Test.Donne\bin\Debug\net6.0\Test.Donne.dll" adapterTypeName="executor://mstestadapter/v2" className="Test.Donne.Domain.ProductModelTest.ProductModelTest" name="ProductModel_Tipo_Sucesso" />
    </UnitTest>
    <UnitTest name="ProfileModel_Tipo_Sucesso" storage="c:\users\adm\source\repos\webappdonne\test\test.donne\bin\debug\net6.0\test.donne.dll" id="a9af6219-d05e-2521-1782-bd216fad23cb">
      <TestCategory>
        <TestCategoryItem TestCategory="Donne &gt; Domain &gt; ProfileModel" />
      </TestCategory>
      <Execution id="39e204aa-e8a3-4482-823f-0977ab458d3a" />
      <TestMethod codeBase="C:\Users\adm\Source\Repos\WebAppDonne\test\Test.Donne\bin\Debug\net6.0\Test.Donne.dll" adapterTypeName="executor://mstestadapter/v2" className="Test.Donne.Domain.ProfileModelTest.ProfileModelTest" name="ProfileModel_Tipo_Sucesso" />
    </UnitTest>
    <UnitTest name="ProfileModel_Construtor_Sucesso" storage="c:\users\adm\source\repos\webappdonne\test\test.donne\bin\debug\net6.0\test.donne.dll" id="7149c326-b722-16ff-ef60-7ba870b13ba1">
      <TestCategory>
        <TestCategoryItem TestCategory="Donne &gt; Domain &gt; ProfileModel" />
      </TestCategory>
      <Execution id="10c0ba10-64b9-4c4f-bb4a-54eaab100602" />
      <TestMethod codeBase="C:\Users\adm\Source\Repos\WebAppDonne\test\Test.Donne\bin\Debug\net6.0\Test.Donne.dll" adapterTypeName="executor://mstestadapter/v2" className="Test.Donne.Domain.ProfileModelTest.ProfileModelTest" name="ProfileModel_Construtor_Sucesso" />
    </UnitTest>
    <UnitTest name="UserModel_Tipo_Sucesso" storage="c:\users\adm\source\repos\webappdonne\test\test.donne\bin\debug\net6.0\test.donne.dll" id="f91442c3-2a55-0830-2299-799a6b0c1b60">
      <TestCategory>
        <TestCategoryItem TestCategory="Donne &gt; Domain &gt; UserModel" />
      </TestCategory>
      <Execution id="eb7982df-545d-4050-81b8-98de7337625c" />
      <TestMethod codeBase="C:\Users\adm\Source\Repos\WebAppDonne\test\Test.Donne\bin\Debug\net6.0\Test.Donne.dll" adapterTypeName="executor://mstestadapter/v2" className="Test.Donne.Domain.UserModelTest.UserModelTest" name="UserModel_Tipo_Sucesso" />
    </UnitTest>
    <UnitTest name="CategoryModel_Construtor_Sucesso" storage="c:\users\adm\source\repos\webappdonne\test\test.donne\bin\debug\net6.0\test.donne.dll" id="4b54e506-472f-84bd-bd2c-94d756ade175">
      <TestCategory>
        <TestCategoryItem TestCategory="Donne &gt; Domain &gt; BuyersModel" />
      </TestCategory>
      <Execution id="91e63a6d-dff9-4c8b-bf78-50a8d810abd1" />
      <TestMethod codeBase="C:\Users\adm\Source\Repos\WebAppDonne\test\Test.Donne\bin\Debug\net6.0\Test.Donne.dll" adapterTypeName="executor://mstestadapter/v2" className="Test.Donne.Domain.CategoryModelTest" name="CategoryModel_Construtor_Sucesso" />
    </UnitTest>
    <UnitTest name="BuyerModel_Construtor_Sucesso" storage="c:\users\adm\source\repos\webappdonne\test\test.donne\bin\debug\net6.0\test.donne.dll" id="8ee230bb-970b-c54a-12f6-5d83c28323fa">
      <TestCategory>
        <TestCategoryItem TestCategory="Donne &gt; Domain &gt; BuyersModel" />
      </TestCategory>
      <Execution id="cd7f440c-18fe-4aca-a855-73ebb9a6ac08" />
      <TestMethod codeBase="C:\Users\adm\Source\Repos\WebAppDonne\test\Test.Donne\bin\Debug\net6.0\Test.Donne.dll" adapterTypeName="executor://mstestadapter/v2" className="Test.Donne.Domain.BuyersModelTest.BuyersModelTest" name="BuyerModel_Construtor_Sucesso" />
    </UnitTest>
    <UnitTest name="CommandOrderModel_Tipo_Sucesso" storage="c:\users\adm\source\repos\webappdonne\test\test.donne\bin\debug\net6.0\test.donne.dll" id="e3e8772e-4a06-9a03-b84c-a55e0b9eb2e6">
      <TestCategory>
        <TestCategoryItem TestCategory="Donne &gt; Domain &gt; CommandOrderModel" />
      </TestCategory>
      <Execution id="8aabdd17-ed36-4aa2-a5b4-f9f74f295c22" />
      <TestMethod codeBase="C:\Users\adm\Source\Repos\WebAppDonne\test\Test.Donne\bin\Debug\net6.0\Test.Donne.dll" adapterTypeName="executor://mstestadapter/v2" className="Test.Donne.Domain.CommandOrderModelTest.CommandOrderModelTest" name="CommandOrderModel_Tipo_Sucesso" />
    </UnitTest>
    <UnitTest name="CommandModel_Construtor_Sucesso" storage="c:\users\adm\source\repos\webappdonne\test\test.donne\bin\debug\net6.0\test.donne.dll" id="5bd5dcb7-aa46-2988-144c-b22292385576">
      <TestCategory>
        <TestCategoryItem TestCategory="Donne &gt; Domain &gt; CommandModel" />
      </TestCategory>
      <Execution id="fcdd1e20-61cd-4f3f-be48-07a9848b5950" />
      <TestMethod codeBase="C:\Users\adm\Source\Repos\WebAppDonne\test\Test.Donne\bin\Debug\net6.0\Test.Donne.dll" adapterTypeName="executor://mstestadapter/v2" className="Test.Donne.Domain.CommandModelTest.CommandModelTest" name="CommandModel_Construtor_Sucesso" />
    </UnitTest>
    <UnitTest name="CommandModel_Tipo_Sucesso" storage="c:\users\adm\source\repos\webappdonne\test\test.donne\bin\debug\net6.0\test.donne.dll" id="cee6251a-efcc-2e18-97cf-6596dd807490">
      <TestCategory>
        <TestCategoryItem TestCategory="Donne &gt; Domain &gt; CommandModel" />
      </TestCategory>
      <Execution id="4b236763-d31c-437d-8c69-8181b56387bc" />
      <TestMethod codeBase="C:\Users\adm\Source\Repos\WebAppDonne\test\Test.Donne\bin\Debug\net6.0\Test.Donne.dll" adapterTypeName="executor://mstestadapter/v2" className="Test.Donne.Domain.CommandModelTest.CommandModelTest" name="CommandModel_Tipo_Sucesso" />
    </UnitTest>
    <UnitTest name="OrderModel_Construtor_Sucesso" storage="c:\users\adm\source\repos\webappdonne\test\test.donne\bin\debug\net6.0\test.donne.dll" id="03364a7a-79f7-83f9-3d7c-2ca458dd6a2c">
      <TestCategory>
        <TestCategoryItem TestCategory="Donne &gt; Domain &gt; PaymentModel" />
      </TestCategory>
      <Execution id="82f0fb7b-6fe5-40b4-8d5b-24385a7e6816" />
      <TestMethod codeBase="C:\Users\adm\Source\Repos\WebAppDonne\test\Test.Donne\bin\Debug\net6.0\Test.Donne.dll" adapterTypeName="executor://mstestadapter/v2" className="Test.Donne.Domain.PaymentModelTest.PaymentModelTest" name="OrderModel_Construtor_Sucesso" />
    </UnitTest>
    <UnitTest name="CommandOrderModel_Construtor_Sucesso" storage="c:\users\adm\source\repos\webappdonne\test\test.donne\bin\debug\net6.0\test.donne.dll" id="fe1ccd09-cad9-1f4a-489f-0e9c35610a56">
      <TestCategory>
        <TestCategoryItem TestCategory="Donne &gt; Domain &gt; CommandOrderModel" />
      </TestCategory>
      <Execution id="242d9106-1e04-465c-9dc8-755adb6970f2" />
      <TestMethod codeBase="C:\Users\adm\Source\Repos\WebAppDonne\test\Test.Donne\bin\Debug\net6.0\Test.Donne.dll" adapterTypeName="executor://mstestadapter/v2" className="Test.Donne.Domain.CommandOrderModelTest.CommandOrderModelTest" name="CommandOrderModel_Construtor_Sucesso" />
    </UnitTest>
    <UnitTest name="OrderModel_Construtor_Sucesso" storage="c:\users\adm\source\repos\webappdonne\test\test.donne\bin\debug\net6.0\test.donne.dll" id="8607a3f0-2ecb-3c9f-e146-820143c6c3ce">
      <TestCategory>
        <TestCategoryItem TestCategory="Donne &gt; Domain &gt; OrderModel" />
      </TestCategory>
      <Execution id="e0e4cffb-efb1-4819-ba84-7a3d7b58ba1f" />
      <TestMethod codeBase="C:\Users\adm\Source\Repos\WebAppDonne\test\Test.Donne\bin\Debug\net6.0\Test.Donne.dll" adapterTypeName="executor://mstestadapter/v2" className="Test.Donne.Domain.OrderModelTest.OrderModelTest" name="OrderModel_Construtor_Sucesso" />
    </UnitTest>
  </TestDefinitions>
  <TestEntries>
    <TestEntry testId="308bcca3-3106-af53-735b-76abc709f1f2" executionId="ed594448-336f-41d7-bbb3-555dc45c7dce" testListId="8c84fa94-04c1-424b-9868-57a2d4851a1d" />
    <TestEntry testId="4b54e506-472f-84bd-bd2c-94d756ade175" executionId="91e63a6d-dff9-4c8b-bf78-50a8d810abd1" testListId="8c84fa94-04c1-424b-9868-57a2d4851a1d" />
    <TestEntry testId="1f9bfa18-1305-b3a7-8f92-388fe9e3a7f6" executionId="cdc55568-017b-42de-b086-c1a723d42b5c" testListId="8c84fa94-04c1-424b-9868-57a2d4851a1d" />
    <TestEntry testId="5bd5dcb7-aa46-2988-144c-b22292385576" executionId="fcdd1e20-61cd-4f3f-be48-07a9848b5950" testListId="8c84fa94-04c1-424b-9868-57a2d4851a1d" />
    <TestEntry testId="fba02de2-8323-626a-7fdd-c6d61fa83e66" executionId="c18d5ea3-a2a9-4f33-9db9-eda50026050e" testListId="8c84fa94-04c1-424b-9868-57a2d4851a1d" />
    <TestEntry testId="e3e8772e-4a06-9a03-b84c-a55e0b9eb2e6" executionId="8aabdd17-ed36-4aa2-a5b4-f9f74f295c22" testListId="8c84fa94-04c1-424b-9868-57a2d4851a1d" />
    <TestEntry testId="bacf22fa-7577-d1be-f397-6fe1a5210c5f" executionId="79851562-0920-4d13-8c88-084583a2f329" testListId="8c84fa94-04c1-424b-9868-57a2d4851a1d" />
    <TestEntry testId="cee6251a-efcc-2e18-97cf-6596dd807490" executionId="4b236763-d31c-437d-8c69-8181b56387bc" testListId="8c84fa94-04c1-424b-9868-57a2d4851a1d" />
    <TestEntry testId="0f515cd1-fdf4-94a1-2a72-71c90774e2f2" executionId="0849642d-d858-4cd3-9f00-1f1bed7a95ed" testListId="8c84fa94-04c1-424b-9868-57a2d4851a1d" />
    <TestEntry testId="fe1ccd09-cad9-1f4a-489f-0e9c35610a56" executionId="242d9106-1e04-465c-9dc8-755adb6970f2" testListId="8c84fa94-04c1-424b-9868-57a2d4851a1d" />
    <TestEntry testId="4fb345a6-bb8f-6302-486a-f600c082d191" executionId="e3f39e80-89ed-4094-99b7-430f593910f1" testListId="8c84fa94-04c1-424b-9868-57a2d4851a1d" />
    <TestEntry testId="f04a2e0f-18ad-1800-3671-c2086fe15c64" executionId="022a7238-e2c5-4db2-8b84-ce6b72b5f406" testListId="8c84fa94-04c1-424b-9868-57a2d4851a1d" />
    <TestEntry testId="1abd34eb-5b12-d0d2-4176-d067ca145f90" executionId="2b092b42-9d4e-43c5-bae2-f42094fc90c3" testListId="8c84fa94-04c1-424b-9868-57a2d4851a1d" />
    <TestEntry testId="3dab296f-1b44-c4e3-7a1f-dcca5439ed31" executionId="6131ef38-7e45-4b1e-a1f4-e974b06e0c6a" testListId="8c84fa94-04c1-424b-9868-57a2d4851a1d" />
    <TestEntry testId="a9af6219-d05e-2521-1782-bd216fad23cb" executionId="39e204aa-e8a3-4482-823f-0977ab458d3a" testListId="8c84fa94-04c1-424b-9868-57a2d4851a1d" />
    <TestEntry testId="cfde4465-da93-d986-9a7a-5a5f33389f78" executionId="936ebeaf-f628-4024-9294-b24832a2e4fc" testListId="8c84fa94-04c1-424b-9868-57a2d4851a1d" />
    <TestEntry testId="2644017b-d9c5-74b3-442e-7b4cc0ec4a1e" executionId="e57807a3-912a-49e8-9dae-bc93859c1ca7" testListId="8c84fa94-04c1-424b-9868-57a2d4851a1d" />
    <TestEntry testId="7149c326-b722-16ff-ef60-7ba870b13ba1" executionId="10c0ba10-64b9-4c4f-bb4a-54eaab100602" testListId="8c84fa94-04c1-424b-9868-57a2d4851a1d" />
    <TestEntry testId="8ee230bb-970b-c54a-12f6-5d83c28323fa" executionId="cd7f440c-18fe-4aca-a855-73ebb9a6ac08" testListId="8c84fa94-04c1-424b-9868-57a2d4851a1d" />
    <TestEntry testId="f91442c3-2a55-0830-2299-799a6b0c1b60" executionId="eb7982df-545d-4050-81b8-98de7337625c" testListId="8c84fa94-04c1-424b-9868-57a2d4851a1d" />
    <TestEntry testId="8607a3f0-2ecb-3c9f-e146-820143c6c3ce" executionId="e0e4cffb-efb1-4819-ba84-7a3d7b58ba1f" testListId="8c84fa94-04c1-424b-9868-57a2d4851a1d" />
    <TestEntry testId="03364a7a-79f7-83f9-3d7c-2ca458dd6a2c" executionId="82f0fb7b-6fe5-40b4-8d5b-24385a7e6816" testListId="8c84fa94-04c1-424b-9868-57a2d4851a1d" />
  </TestEntries>
  <TestLists>
    <TestList name="Resultados que não estão em uma lista" id="8c84fa94-04c1-424b-9868-57a2d4851a1d" />
    <TestList name="Todos os resultados carregados" id="19431567-8539-422a-85d7-44ee4e166bda" />
  </TestLists>
  <ResultSummary outcome="Completed">
    <Counters total="22" executed="22" passed="22" failed="0" error="0" timeout="0" aborted="0" inconclusive="0" passedButRunAborted="0" notRunnable="0" notExecuted="0" disconnected="0" warning="0" completed="0" inProgress="0" pending="0" />
    <CollectorDataEntries>
      <Collector agentName="DESKTOP-2UFRIRL" uri="datacollector://microsoft/CoverletCodeCoverage/1.0" collectorDisplayName="XPlat code coverage">
        <UriAttachments>
          <UriAttachment>
            <A href="DESKTOP-2UFRIRL\coverage.cobertura.xml"></A>
          </UriAttachment>
        </UriAttachments>
      </Collector>
    </CollectorDataEntries>
  </ResultSummary>
</TestRun>